HED-BSDS/val/163085.jpg
HED-BSDS/val/208001.jpg
HED-BSDS/val/271035.jpg
HED-BSDS/val/227092.jpg
HED-BSDS/val/175043.jpg
HED-BSDS/val/41033.jpg
HED-BSDS/val/108070.jpg
HED-BSDS/val/37073.jpg
HED-BSDS/val/103070.jpg
HED-BSDS/val/119082.jpg
HED-BSDS/val/12084.jpg
HED-BSDS/val/361010.jpg
HED-BSDS/val/143090.jpg
HED-BSDS/val/69015.jpg
HED-BSDS/val/89072.jpg
HED-BSDS/val/43074.jpg
HED-BSDS/val/45096.jpg
HED-BSDS/val/385039.jpg
HED-BSDS/val/69040.jpg
HED-BSDS/val/170057.jpg
HED-BSDS/val/130026.jpg
HED-BSDS/val/108005.jpg
HED-BSDS/val/197017.jpg
HED-BSDS/val/8023.jpg
HED-BSDS/val/148089.jpg
HED-BSDS/val/167062.jpg
HED-BSDS/val/167083.jpg
HED-BSDS/val/241004.jpg
HED-BSDS/val/16077.jpg
HED-BSDS/val/123074.jpg
HED-BSDS/val/159008.jpg
HED-BSDS/val/196073.jpg
HED-BSDS/val/62096.jpg
HED-BSDS/val/219090.jpg
HED-BSDS/val/3096.jpg
HED-BSDS/val/76053.jpg
HED-BSDS/val/24077.jpg
HED-BSDS/val/19021.jpg
HED-BSDS/val/86068.jpg
HED-BSDS/val/306005.jpg
HED-BSDS/val/42012.jpg
HED-BSDS/val/216081.jpg
HED-BSDS/val/54082.jpg
HED-BSDS/val/304034.jpg
HED-BSDS/val/260058.jpg
HED-BSDS/val/86000.jpg
HED-BSDS/val/109053.jpg
HED-BSDS/val/69020.jpg
HED-BSDS/val/102061.jpg
HED-BSDS/val/189080.jpg
HED-BSDS/val/106024.jpg
HED-BSDS/val/58060.jpg
HED-BSDS/val/87046.jpg
HED-BSDS/val/376043.jpg
HED-BSDS/val/236037.jpg
HED-BSDS/val/156065.jpg
HED-BSDS/val/285079.jpg
HED-BSDS/val/33039.jpg
HED-BSDS/val/175032.jpg
HED-BSDS/val/105025.jpg
HED-BSDS/val/351093.jpg
HED-BSDS/val/66053.jpg
HED-BSDS/val/38082.jpg
HED-BSDS/val/229036.jpg
HED-BSDS/val/21077.jpg
HED-BSDS/val/38092.jpg
HED-BSDS/val/253055.jpg
HED-BSDS/val/86016.jpg
HED-BSDS/val/253027.jpg
HED-BSDS/val/182053.jpg
HED-BSDS/val/101085.jpg
HED-BSDS/val/302008.jpg
HED-BSDS/val/300091.jpg
HED-BSDS/val/299086.jpg
HED-BSDS/val/55073.jpg
HED-BSDS/val/78004.jpg
HED-BSDS/val/145086.jpg
HED-BSDS/val/296059.jpg
HED-BSDS/val/220075.jpg
HED-BSDS/val/210088.jpg
HED-BSDS/val/295087.jpg
HED-BSDS/val/85048.jpg
HED-BSDS/val/223061.jpg
HED-BSDS/val/148026.jpg
HED-BSDS/val/304074.jpg
HED-BSDS/val/126007.jpg
HED-BSDS/val/65033.jpg
HED-BSDS/val/14037.jpg
HED-BSDS/val/241048.jpg
HED-BSDS/val/108082.jpg
HED-BSDS/val/97033.jpg
HED-BSDS/val/42049.jpg
HED-BSDS/val/157055.jpg
HED-BSDS/val/134035.jpg
HED-BSDS/val/101087.jpg
HED-BSDS/val/296007.jpg
HED-BSDS/val/160068.jpg
HED-BSDS/val/147091.jpg
HED-BSDS/val/291000.jpg
HED-BSDS/val/41069.jpg
