test/Images/img_6179.png
test/Images/img_5708.png
test/Images/img_5679.png
test/Images/img_5311.png
test/Images/img_6247.png
test/Images/img_5733.png
test/Images/img_5762.png
test/Images/img_5508.png
test/Images/img_6118.png
test/Images/img_5185.png
test/Images/img_6275.png
test/Images/img_5388.png
test/Images/img_5077.png
test/Images/img_5435.png
test/Images/img_6135.png
test/Images/img_5087.png
test/Images/img_5397.png
test/Images/img_6449.png
test/Images/img_6219.png
test/Images/img_5281.png
test/Images/img_5034.png
test/Images/img_6039.png
test/Images/img_5579.png
test/Images/img_5549.png
test/Images/img_5759.png
test/Images/img_5537.png
test/Images/img_6304.png
test/Images/img_6446.png
test/Images/img_6277.png
test/Images/img_5991.png
test/Images/img_6127.png
test/Images/img_5568.png
test/Images/img_5524.png
test/Images/img_6265.png
test/Images/img_6276.png
test/Images/img_6254.png
test/Images/img_5765.png
test/Images/img_6291.png
test/Images/img_5384.png
test/Images/img_5464.png
test/Images/img_6421.png
test/Images/img_5612.png
test/Images/img_6109.png
test/Images/img_5333.png
test/Images/img_6048.png
test/Images/img_5835.png
test/Images/img_5966.png
test/Images/img_5471.png
test/Images/img_5523.png
test/Images/img_5386.png
test/Images/img_5781.png
test/Images/img_5974.png
test/Images/img_5357.png
test/Images/img_5697.png
test/Images/img_6208.png
test/Images/img_6264.png
test/Images/img_6441.png
test/Images/img_5317.png
test/Images/img_5194.png
test/Images/img_5030.png
test/Images/img_5078.png
test/Images/img_6260.png
test/Images/img_5192.png
test/Images/img_6092.png
test/Images/img_5919.png
test/Images/img_5131.png
test/Images/img_5603.png
test/Images/img_5833.png
test/Images/img_5442.png
test/Images/img_5785.png
test/Images/img_5358.png
test/Images/img_6448.png
test/Images/img_6431.png
test/Images/img_5182.png
test/Images/img_5520.png
test/Images/img_6079.png
test/Images/img_5637.png
test/Images/img_6102.png
test/Images/img_6196.png
test/Images/img_5133.png
test/Images/img_6182.png
test/Images/img_5870.png
test/Images/img_6096.png
test/Images/img_5917.png
test/Images/img_5857.png
test/Images/img_5690.png
test/Images/img_6220.png
test/Images/img_6292.png
test/Images/img_5836.png
test/Images/img_5823.png
test/Images/img_6176.png
test/Images/img_5521.png
test/Images/img_5197.png
test/Images/img_6290.png
test/Images/img_6088.png
test/Images/img_5061.png
test/Images/img_5463.png
test/Images/img_5039.png
test/Images/img_6204.png
test/Images/img_6396.png
test/Images/img_5181.png
test/Images/img_5846.png
test/Images/img_5283.png
test/Images/img_5699.png
test/Images/img_5760.png
test/Images/img_5016.png
test/Images/img_5526.png
test/Images/img_6255.png
test/Images/img_5664.png
test/Images/img_6166.png
test/Images/img_5776.png
test/Images/img_5331.png
test/Images/img_5047.png
test/Images/img_5767.png
test/Images/img_6261.png
test/Images/img_6136.png
test/Images/img_6081.png
test/Images/img_5636.png
test/Images/img_5687.png
test/Images/img_5057.png
test/Images/img_5844.png
test/Images/img_5041.png
test/Images/img_5441.png
test/Images/img_5761.png
test/Images/img_6263.png
test/Images/img_6123.png
test/Images/img_5328.png
test/Images/img_6390.png
test/Images/img_6306.png
test/Images/img_5851.png
test/Images/img_6099.png
test/Images/img_6447.png
test/Images/img_5477.png
test/Images/img_5029.png
test/Images/img_5658.png
test/Images/img_5188.png
test/Images/img_5200.png
test/Images/img_5476.png
test/Images/img_6148.png
test/Images/img_5551.png
test/Images/img_5927.png
test/Images/img_6259.png
test/Images/img_5363.png
test/Images/img_6369.png
test/Images/img_5014.png
test/Images/img_5669.png
test/Images/img_5316.png
test/Images/img_5035.png
test/Images/img_5137.png
test/Images/img_5325.png
test/Images/img_5732.png
test/Images/img_6194.png
test/Images/img_5564.png
test/Images/img_5965.png
test/Images/img_6422.png
test/Images/img_5175.png
test/Images/img_5193.png
test/Images/img_5445.png
test/Images/img_6155.png
test/Images/img_6338.png
test/Images/img_5271.png
test/Images/img_6170.png
test/Images/img_6212.png
test/Images/img_5389.png
test/Images/img_5090.png
test/Images/img_6355.png
test/Images/img_6411.png
test/Images/img_5710.png
test/Images/img_5726.png
test/Images/img_6410.png
test/Images/img_5412.png
test/Images/img_6329.png
test/Images/img_5814.png
test/Images/img_6353.png
test/Images/img_6090.png
test/Images/img_5840.png
test/Images/img_6210.png
test/Images/img_6217.png
test/Images/img_5822.png
test/Images/img_5811.png
test/Images/img_6228.png
test/Images/img_6216.png
test/Images/img_5935.png
test/Images/img_5946.png
test/Images/img_6364.png
test/Images/img_5031.png
test/Images/img_6052.png
test/Images/img_5028.png
test/Images/img_5176.png
test/Images/img_5821.png
test/Images/img_5085.png
test/Images/img_6443.png
test/Images/img_6126.png
test/Images/img_5731.png
test/Images/img_5356.png
test/Images/img_5570.png
test/Images/img_6286.png
test/Images/img_5558.png
test/Images/img_5800.png
test/Images/img_6348.png
test/Images/img_5657.png
test/Images/img_5172.png
test/Images/img_6128.png
test/Images/img_6089.png
test/Images/img_6203.png
test/Images/img_5117.png
test/Images/img_6078.png
test/Images/img_6184.png
test/Images/img_5591.png
test/Images/img_5633.png
test/Images/img_5728.png
test/Images/img_5680.png
test/Images/img_6398.png
test/Images/img_5775.png
test/Images/img_5195.png
test/Images/img_5770.png
test/Images/img_5220.png
test/Images/img_5711.png
test/Images/img_6314.png
test/Images/img_5906.png
test/Images/img_5430.png
test/Images/img_5335.png
test/Images/img_6356.png
test/Images/img_5555.png
test/Images/img_5089.png
test/Images/img_6303.png
test/Images/img_5533.png
test/Images/img_6021.png
test/Images/img_5960.png
test/Images/img_5693.png
test/Images/img_5282.png
test/Images/img_5433.png
test/Images/img_6032.png
test/Images/img_6279.png
test/Images/img_6206.png
test/Images/img_5556.png
test/Images/img_5017.png
test/Images/img_6335.png
test/Images/img_5431.png
test/Images/img_6336.png
test/Images/img_5079.png
test/Images/img_5694.png
test/Images/img_5663.png
test/Images/img_5934.png
test/Images/img_5771.png
test/Images/img_5168.png
test/Images/img_6368.png
test/Images/img_5672.png
test/Images/img_5033.png
test/Images/img_5843.png
test/Images/img_6057.png
test/Images/img_5713.png
test/Images/img_5977.png
test/Images/img_5967.png
test/Images/img_6107.png
test/Images/img_5777.png
test/Images/img_6049.png
test/Images/img_5046.png
test/Images/img_6331.png
test/Images/img_6095.png
test/Images/img_6011.png
test/Images/img_5446.png
test/Images/img_6038.png
test/Images/img_6408.png
test/Images/img_6445.png
test/Images/img_5128.png
test/Images/img_6171.png
test/Images/img_5209.png
test/Images/img_5959.png
test/Images/img_5032.png
test/Images/img_5947.png
test/Images/img_5717.png
test/Images/img_6234.png
test/Images/img_6354.png
test/Images/img_6385.png
test/Images/img_5908.png
test/Images/img_5918.png
test/Images/img_5326.png
test/Images/img_6034.png
test/Images/img_5036.png
test/Images/img_6091.png
test/Images/img_5088.png
test/Images/img_5310.png
test/Images/img_6424.png
test/Images/img_5673.png
test/Images/img_5784.png
test/Images/img_6423.png
test/Images/img_5280.png
test/Images/img_5975.png
test/Images/img_6294.png
test/Images/img_6149.png
test/Images/img_5538.png
test/Images/img_6205.png
test/Images/img_6409.png
test/Images/img_5539.png
test/Images/img_6058.png
test/Images/img_5724.png
test/Images/img_6100.png
test/Images/img_6093.png
test/Images/img_5581.png
test/Images/img_6181.png
test/Images/img_5210.png
test/Images/img_5618.png
test/Images/img_6297.png
test/Images/img_6218.png
test/Images/img_5621.png
test/Images/img_5296.png
test/Images/img_6022.png
test/Images/img_5444.png
test/Images/img_5768.png
test/Images/img_5414.png
test/Images/img_6230.png
test/Images/img_5970.png
test/Images/img_5566.png
test/Images/img_6175.png
test/Images/img_6394.png
test/Images/img_5470.png
test/Images/img_5469.png
test/Images/img_6167.png
test/Images/img_6163.png
test/Images/img_5091.png
test/Images/img_5592.png
test/Images/img_5118.png
test/Images/img_5432.png
test/Images/img_5119.png
test/Images/img_5764.png
test/Images/img_5638.png
test/Images/img_5861.png
test/Images/img_5473.png
test/Images/img_5845.png
test/Images/img_6098.png
test/Images/img_6387.png
test/Images/img_6412.png
test/Images/img_6193.png
test/Images/img_6413.png
test/Images/img_6262.png
test/Images/img_5727.png
test/Images/img_5525.png
test/Images/img_5689.png
test/Images/img_6332.png
test/Images/img_5059.png
test/Images/img_5154.png
test/Images/img_6106.png
test/Images/img_6162.png
test/Images/img_5605.png
test/Images/img_5783.png
test/Images/img_5038.png
test/Images/img_6152.png
test/Images/img_5434.png
test/Images/img_6156.png
test/Images/img_6280.png
test/Images/img_6012.png
test/Images/img_6305.png
test/Images/img_6388.png
test/Images/img_5928.png
test/Images/img_6082.png
test/Images/img_5678.png
test/Images/img_5447.png
test/Images/img_6285.png
test/Images/img_6235.png
test/Images/img_5169.png
test/Images/img_5264.png
test/Images/img_6227.png
test/Images/img_6076.png
test/Images/img_6288.png
test/Images/img_5688.png
test/Images/img_6195.png
test/Images/img_6397.png
test/Images/img_5769.png
test/Images/img_5617.png
test/Images/img_5385.png
test/Images/img_5786.png
test/Images/img_6154.png
test/Images/img_6094.png
test/Images/img_6256.png
test/Images/img_6299.png
test/Images/img_5134.png
test/Images/img_6226.png
test/Images/img_6201.png
test/Images/img_5613.png
test/Images/img_5707.png
test/Images/img_5972.png
test/Images/img_5698.png
test/Images/img_5207.png
test/Images/img_5841.png
test/Images/img_6146.png
test/Images/img_5285.png
test/Images/img_6298.png
test/Images/img_5510.png
test/Images/img_5559.png
test/Images/img_5522.png
test/Images/img_6001.png
test/Images/img_6075.png
test/Images/img_6084.png
test/Images/img_5171.png
test/Images/img_6293.png
test/Images/img_5189.png
test/Images/img_5516.png
test/Images/img_5327.png
test/Images/img_6209.png
test/Images/img_5512.png
test/Images/img_5802.png
test/Images/img_6077.png
test/Images/img_6258.png
test/Images/img_6010.png
test/Images/img_6083.png
test/Images/img_5465.png
test/Images/img_6151.png
test/Images/img_5279.png
test/Images/img_5604.png
test/Images/img_5992.png
test/Images/img_5842.png
test/Images/img_5859.png
test/Images/img_6233.png
test/Images/img_6165.png
test/Images/img_5129.png
test/Images/img_5907.png
test/Images/img_6103.png
test/Images/img_5976.png
test/Images/img_6183.png
test/Images/img_5084.png
test/Images/img_5606.png
test/Images/img_5532.png
test/Images/img_6315.png
test/Images/img_5518.png
test/Images/img_6125.png
test/Images/img_5042.png
test/Images/img_5743.png
test/Images/img_5395.png
test/Images/img_5804.png
test/Images/img_5563.png
test/Images/img_5315.png
test/Images/img_5297.png
test/Images/img_6395.png
test/Images/img_6080.png
test/Images/img_5332.png
test/Images/img_6339.png
test/Images/img_5803.png
test/Images/img_5273.png
test/Images/img_5186.png
test/Images/img_6347.png
test/Images/img_5125.png
test/Images/img_5250.png
test/Images/img_6158.png
test/Images/img_5517.png
test/Images/img_5183.png
test/Images/img_6101.png
test/Images/img_5362.png
test/Images/img_6002.png
test/Images/img_5474.png
test/Images/img_5766.png
test/Images/img_6257.png
test/Images/img_5413.png
test/Images/img_6157.png
test/Images/img_5411.png
test/Images/img_5945.png
test/Images/img_6119.png
test/Images/img_5015.png
test/Images/img_5871.png
test/Images/img_5837.png
test/Images/img_5184.png
test/Images/img_5387.png
test/Images/img_5021.png
test/Images/img_6414.png
test/Images/img_6249.png
test/Images/img_5651.png
test/Images/img_6003.png
test/Images/img_5190.png
test/Images/img_5718.png
test/Images/img_5153.png
test/Images/img_5594.png
test/Images/img_6117.png
test/Images/img_6308.png
test/Images/img_5196.png
test/Images/img_5650.png
test/Images/img_5580.png
test/Images/img_5300.png
test/Images/img_6337.png
test/Images/img_5361.png
test/Images/img_5201.png
test/Images/img_5511.png
test/Images/img_6287.png
test/Images/img_5671.png
test/Images/img_6053.png
test/Images/img_6129.png
test/Images/img_5565.png
test/Images/img_5198.png
test/Images/img_5774.png
test/Images/img_6207.png
test/Images/img_5301.png
test/Images/img_5676.png
test/Images/img_5062.png
test/Images/img_5513.png
test/Images/img_6391.png
test/Images/img_5531.png
test/Images/img_5933.png
test/Images/img_5037.png
test/Images/img_6444.png
test/Images/img_6330.png
test/Images/img_5212.png
test/Images/img_6145.png
test/Images/img_6124.png
test/Images/img_5355.png
test/Images/img_6307.png
test/Images/img_5199.png
test/Images/img_5211.png
test/Images/img_5174.png
test/Images/img_5208.png
test/Images/img_5155.png
test/Images/img_6433.png
test/Images/img_5519.png
test/Images/img_5126.png
test/Images/img_5686.png
test/Images/img_5780.png
test/Images/img_5009.png
test/Images/img_5299.png
test/Images/img_5961.png
test/Images/img_6400.png
test/Images/img_6033.png
test/Images/img_6407.png
test/Images/img_6229.png
test/Images/img_5860.png
test/Images/img_5002.png
test/Images/img_5656.png
test/Images/img_5298.png
test/Images/img_5191.png
test/Images/img_5571.png
test/Images/img_6401.png
test/Images/img_5567.png
test/Images/img_5448.png
test/Images/img_5056.png
test/Images/img_5364.png
test/Images/img_6104.png
test/Images/img_5812.png
test/Images/img_5607.png
test/Images/img_5787.png
test/Images/img_5593.png
test/Images/img_6384.png
test/Images/img_5466.png
test/Images/img_5557.png
test/Images/img_5132.png
test/Images/img_6248.png
test/Images/img_5773.png
test/Images/img_5744.png
test/Images/img_5001.png
test/Images/img_6399.png
test/Images/img_6432.png
test/Images/img_5850.png
test/Images/img_5040.png
test/Images/img_5681.png
test/Images/img_5772.png
test/Images/img_5813.png
test/Images/img_5187.png
test/Images/img_5869.png
test/Images/img_5725.png
test/Images/img_5706.png
test/Images/img_5359.png
test/Images/img_5995.png
test/Images/img_6211.png
test/Images/img_5838.png
test/Images/img_5351.png
test/Images/img_5778.png
test/Images/img_5619.png
test/Images/img_5443.png
test/Images/img_6180.png
test/Images/img_5550.png
test/Images/img_5043.png
test/Images/img_6278.png
test/Images/img_5834.png
test/Images/img_5994.png
test/Images/img_5330.png
test/Images/img_6389.png
test/Images/img_5862.png
test/Images/img_6365.png
test/Images/img_5127.png
test/Images/img_5634.png
test/Images/img_5971.png
test/Images/img_6192.png
test/Images/img_6023.png
test/Images/img_5284.png
test/Images/img_6130.png
test/Images/img_5222.png
test/Images/img_5221.png
test/Images/img_5396.png
test/Images/img_5560.png
test/Images/img_6386.png
test/Images/img_5670.png
test/Images/img_6004.png
test/Images/img_6289.png
test/Images/img_6430.png
test/Images/img_5334.png
test/Images/img_5852.png
test/Images/img_6147.png
test/Images/img_5734.png
test/Images/img_5582.png
test/Images/img_5620.png
test/Images/img_5509.png
test/Images/img_5782.png
test/Images/img_5360.png
test/Images/img_5515.png
test/Images/img_5973.png
test/Images/img_6174.png
test/Images/img_5962.png
test/Images/img_5668.png
test/Images/img_5810.png
test/Images/img_6250.png
test/Images/img_5635.png
test/Images/img_5932.png
test/Images/img_5562.png
test/Images/img_6349.png
test/Images/img_5086.png
test/Images/img_5712.png
test/Images/img_6164.png
test/Images/img_6442.png
test/Images/img_5312.png
test/Images/img_5472.png
test/Images/img_6153.png
test/Images/img_5180.png
test/Images/img_5645.png
test/Images/img_5060.png
test/Images/img_5569.png
test/Images/img_6150.png
test/Images/img_6131.png
test/Images/img_5272.png
test/Images/img_5202.png
test/Images/img_5167.png
test/Images/img_5063.png
test/Images/img_5018.png
test/Images/img_5076.png
test/Images/img_5329.png
test/Images/img_5926.png
test/Images/img_6202.png
test/Images/img_6295.png
test/Images/img_5390.png
test/Images/img_5763.png
test/Images/img_5462.png
test/Images/img_6108.png
test/Images/img_5644.png
test/Images/img_5839.png
test/Images/img_5475.png
test/Images/img_5993.png
test/Images/img_5779.png
test/Images/img_5302.png
test/Images/img_5677.png
test/Images/img_5583.png
test/Images/img_6340.png
test/Images/img_5858.png
test/Images/img_6302.png
test/Images/img_5709.png
test/Images/img_6144.png
test/Images/img_5352.png
test/Images/img_5173.png
test/Images/img_5561.png
test/Images/img_5801.png
